// Jest Snapshot v1, https://goo.gl/fbAQLP

exports[`renders a snapsÌµhot 1`] = `
<h1>
  App
</h1>
`;
