// Jest Snapshot v1, https://goo.gl/fbAQLP

exports[`renders a snapsÌµhot 1`] = `
<div>
  <div>
    <h1>
      About Page
    </h1>
    <h2>
      About Page 2
    </h2>
  </div>
  <div>
    <button
      onClick={[Function]}
      type="button"
    >
      Fetch data
    </button>
  </div>
</div>
`;
